[like-hobby.com/index.html]
[connect.facebook.net/en_US/fbevents.js]
[backblue.gif]
[fade.gif]
[index.html]
[like-hobby.com/images/favicon.ico]
[like-hobby.com/images/apple-touch-icon.png]
[like-hobby.com/images/android-home-icon.png]
[like-hobby.com/css/pc.css]
[like-hobby.com/css/smpc81e.css]
[like-hobby.com/css/animate.css]
[unpkg.com/aos@2.3.1/dist/aos.css]
[unpkg.com/aos@2.3.1/dist/aos.js]
[like-hobby.com/images/header.jpg]
[like-hobby.com/images/h01.png]
[like-hobby.com/images/h02.png]
[like-hobby.com/images/sec01.png]
[like-hobby.com/images/sec02.png]
[like-hobby.com/images/sec03.png]
[like-hobby.com/images/f01.png]
[like-hobby.com/images/f02.png]
[like-hobby.com/images/btn.png]
[s3-ap-northeast-1.amazonaws.com/liget-public/static/js/lp.js]
[like-hobby.com/images/f03.png]
[like-hobby.com/images/sec04.png]
[like-hobby.com/images/sec05.jpg]
[like-hobby.com/images/sec06.png]
[like-hobby.com/images/step01.png]
[like-hobby.com/images/step02.png]
[like-hobby.com/images/step03.png]
[like-hobby.com/images/sec07.png]
[like-hobby.com/images/point01.png]
[like-hobby.com/images/point02.png]
[like-hobby.com/images/point03.png]
[like-hobby.com/images/sec08.png]
[like-hobby.com/images/sec09.png]
[like-hobby.com/law.html]
[ajax.googleapis.com/ajax/libs/jquery/1.7.0/jquery.min.js]
[like-hobby.com/index.html]
[like-hobby.com/js/css3-animate-it.js]
[like-hobby.com/POST]
[connect.facebook.net/en_US/fbevents.js]
[www.googletagmanager.com/gtm5445.html]
[like-hobby.com/images/f-bg.png]
[like-hobby.com/css/pc.css]
[like-hobby.com/css/smpc81e.css]
[like-hobby.com/css/animate.css]
[unpkg.com/aos@2.3.1/dist/aos.css]
[like-hobby.com/images/logo.png]
[like-hobby.com/index-2.html]
[like-hobby.com/law.html]
[like-hobby.com/POST.html]
[fonts.googleapis.com/earlyaccess/notosansjapanese.css]
[like-hobby.com/index-2.html]
